PROGRESS 3 0 log10t 12.1978 basecycles 0 seconds 0.0
PROGRESS 3 10000 log10t 16.35 basecycles 2948125 seconds 0.78
PROGRESS 3 20000 log10t 16.8699 basecycles 7458750 seconds 1.48
PROGRESS 3 30000 log10t 17.2239 basecycles 13531875 seconds 2.17
PROGRESS 3 40000 log10t 17.4979 basecycles 21167500 seconds 2.86
PROGRESS 3 50000 log10t 17.7227 basecycles 30365625 seconds 3.57
PROGRESS 3 60000 log10t 17.9138 basecycles 41126250 seconds 4.27
PROGRESS 3 70000 log10t 18.0802 basecycles 53449375 seconds 5.0
PROGRESS 3 80000 log10t 18.2275 basecycles 67335000 seconds 5.71
PROGRESS 3 90000 log10t 18.3598 basecycles 82783125 seconds 6.41
PROGRESS 3 100000 log10t 18.4798 basecycles 99793750 seconds 7.18
PROGRESS 3 110000 log10t 18.5896 basecycles 118366875 seconds 7.87
PROGRESS 3 120000 log10t 18.6909 basecycles 138502500 seconds 8.57
PROGRESS 3 130000 log10t 18.7848 basecycles 160200625 seconds 9.26
PROGRESS 3 140000 log10t 18.8725 basecycles 183461250 seconds 9.98
PROGRESS 3 150000 log10t 18.9546 basecycles 208284375 seconds 10.7
PROGRESS 3 160000 log10t 19.0318 basecycles 234670000 seconds 11.4
PROGRESS 3 170000 log10t 19.1047 basecycles 262618125 seconds 12.11
PROGRESS 3 180000 log10t 19.1737 basecycles 292128750 seconds 12.82
PROGRESS 3 190000 log10t 19.2393 basecycles 323201875 seconds 13.52
PROGRESS 3 200000 log10t 19.3017 basecycles 355837500 seconds 14.22
PROGRESS 3 210000 log10t 19.3612 basecycles 390035625 seconds 14.9
PROGRESS 3 220000 log10t 19.4182 basecycles 425796250 seconds 15.62
PROGRESS 3 230000 log10t 19.4727 basecycles 463119375 seconds 16.36
PROGRESS 3 240000 log10t 19.5251 basecycles 502005000 seconds 17.07
PROGRESS 3 250000 log10t 19.5754 basecycles 542453125 seconds 17.76
PROGRESS 3 260000 log10t 19.6239 basecycles 584463750 seconds 18.46
PROGRESS 3 270000 log10t 19.6706 basecycles 628036875 seconds 19.14
PROGRESS 3 280000 log10t 19.7157 basecycles 673172500 seconds 19.83
PROGRESS 3 290000 log10t 19.7594 basecycles 719870625 seconds 20.53
PROGRESS 3 300000 log10t 19.8015 basecycles 768131250 seconds 21.23
PROGRESS 3 310000 log10t 19.8424 basecycles 817954375 seconds 21.97
PROGRESS 3 320000 log10t 19.882 basecycles 869340000 seconds 22.7
PROGRESS 3 330000 log10t 19.9205 basecycles 922288125 seconds 23.41
PROGRESS 3 340000 log10t 19.9578 basecycles 976798750 seconds 24.13
PROGRESS 3 350000 log10t 19.9941 basecycles 1032871875 seconds 24.85
PROGRESS 3 360000 log10t 20.0295 basecycles 1090507500 seconds 25.56
PROGRESS 3 370000 log10t 20.0639 basecycles 1149705625 seconds 26.26
PROGRESS 3 380000 log10t 20.0974 basecycles 1210466250 seconds 26.96
PROGRESS 3 390000 log10t 20.13 basecycles 1272789375 seconds 27.74
PROGRESS 3 400000 log10t 20.1619 basecycles 1336675000 seconds 28.52
PROGRESS 3 410000 log10t 20.193 basecycles 1402123125 seconds 29.23
PROGRESS 3 420000 log10t 20.2234 basecycles 1469133750 seconds 29.92
PROGRESS 3 430000 log10t 20.2531 basecycles 1537706875 seconds 30.63
PROGRESS 3 440000 log10t 20.2821 basecycles 1607842500 seconds 31.32
PROGRESS 3 450000 log10t 20.3105 basecycles 1679540625 seconds 32.02
PROGRESS 3 460000 log10t 20.3383 basecycles 1752801250 seconds 32.72
PROGRESS 3 470000 log10t 20.3655 basecycles 1827624375 seconds 33.43
PROGRESS 3 480000 log10t 20.3922 basecycles 1904010000 seconds 34.13
PROGRESS 3 490000 log10t 20.4183 basecycles 1981958125 seconds 34.84
PROGRESS 3 500000 log10t 20.4439 basecycles 2061468750 seconds 35.69
PROGRESS 3 510000 log10t 20.469 basecycles 2142541875 seconds 36.4
PROGRESS 3 520000 log10t 20.4936 basecycles 2225177500 seconds 37.13
PROGRESS 3 530000 log10t 20.5178 basecycles 2309375625 seconds 37.85
PROGRESS 3 540000 log10t 20.5415 basecycles 2395136250 seconds 38.57
PROGRESS 3 550000 log10t 20.5649 basecycles 2482459375 seconds 39.29
PROGRESS 3 560000 log10t 20.5878 basecycles 2571345000 seconds 40.0
PROGRESS 3 570000 log10t 20.6103 basecycles 2661793125 seconds 40.71
PROGRESS 3 580000 log10t 20.6324 basecycles 2753803750 seconds 41.42
PROGRESS 3 590000 log10t 20.6542 basecycles 2847376875 seconds 42.13
PROGRESS 3 600000 log10t 20.6756 basecycles 2942512500 seconds 42.92
PROGRESS 3 610000 log10t 20.6966 basecycles 3039210625 seconds 43.63
PROGRESS 3 620000 log10t 20.7173 basecycles 3137471250 seconds 44.32
PROGRESS 3 630000 log10t 20.7377 basecycles 3237294375 seconds 45.15
PROGRESS 3 640000 log10t 20.7578 basecycles 3338680000 seconds 45.84
PROGRESS 3 650000 log10t 20.7776 basecycles 3441628125 seconds 46.54
PROGRESS 3 660000 log10t 20.7971 basecycles 3546138750 seconds 47.25
PROGRESS 3 670000 log10t 20.8162 basecycles 3652211875 seconds 47.95
PROGRESS 3 680000 log10t 20.8352 basecycles 3759847500 seconds 48.66
PROGRESS 3 690000 log10t 20.8538 basecycles 3869045625 seconds 49.39
PROGRESS 3 700000 log10t 20.8722 basecycles 3979806250 seconds 50.1
PROGRESS 3 710000 log10t 20.8903 basecycles 4092129375 seconds 50.84
PROGRESS 3 720000 log10t 20.9082 basecycles 4206015000 seconds 51.56
PROGRESS 3 730000 log10t 20.9258 basecycles 4321463125 seconds 52.27
PROGRESS 3 740000 log10t 20.9432 basecycles 4438473750 seconds 52.97
PROGRESS 3 750000 log10t 20.9604 basecycles 4557046875 seconds 53.69
PROGRESS 3 760000 log10t 20.9773 basecycles 4677182500 seconds 54.42
PROGRESS 3 770000 log10t 20.9941 basecycles 4798880625 seconds 55.14
PROGRESS 3 780000 log10t 21.0106 basecycles 4922141250 seconds 55.86
PROGRESS 3 790000 log10t 21.0269 basecycles 5046964375 seconds 56.75
PROGRESS 3 800000 log10t 21.043 basecycles 5173350000 seconds 57.45
PROGRESS 3 810000 log10t 21.0589 basecycles 5301298125 seconds 58.14
PROGRESS 3 820000 log10t 21.0746 basecycles 5430808750 seconds 58.83
PROGRESS 3 830000 log10t 21.0902 basecycles 5561881875 seconds 59.53
PROGRESS 3 840000 log10t 21.1055 basecycles 5694517500 seconds 60.24
PROGRESS 3 850000 log10t 21.1207 basecycles 5828715625 seconds 60.95
PROGRESS 3 860000 log10t 21.1357 basecycles 5964476250 seconds 61.68
PROGRESS 3 870000 log10t 21.1505 basecycles 6101799375 seconds 62.4
PROGRESS 3 880000 log10t 21.1652 basecycles 6240685000 seconds 63.1
PROGRESS 3 890000 log10t 21.1796 basecycles 6381133125 seconds 63.8
PROGRESS 3 900000 log10t 21.194 basecycles 6523143750 seconds 64.5
PROGRESS 3 910000 log10t 21.2082 basecycles 6666716875 seconds 65.22
PROGRESS 3 920000 log10t 21.2222 basecycles 6811852500 seconds 65.92
PROGRESS 3 930000 log10t 21.2361 basecycles 6958550625 seconds 66.62
PROGRESS 3 940000 log10t 21.2498 basecycles 7106811250 seconds 67.31
PROGRESS 3 950000 log10t 21.2634 basecycles 7256634375 seconds 68.02
PROGRESS 3 960000 log10t 21.2768 basecycles 7408020000 seconds 68.72
PROGRESS 3 970000 log10t 21.2901 basecycles 7560968125 seconds 69.43
PROGRESS 3 980000 log10t 21.3033 basecycles 7715478750 seconds 70.14
PROGRESS 3 990000 log10t 21.3164 basecycles 7871551875 seconds 71.1
DONE 3 events 1000000 log10t 21.32927495305747 runs 24088437500 seconds 71.79421890099911
