{
  "results": [
    {
      "order": 4,
      "status": "PASS",
      "samples_checked": 14,
      "final_q": "534490767360",
      "completed_phases": "534360276450",
      "final_log10_t": "88.80608461445235817075218440759041727509353100813861413658186459547063261242205683466",
      "final_ratio": "1.000000000017360989501600016100138860032789352723171193991799805267572342275408306639",
      "final_secant": "-0.2500000000377660720386142286219493222311821722900583611407430207113796395858843219782",
      "limiting_constant_independently_rederived": true,
      "largest_relative_decimal_ratio_error": "7.3284933099562242714728920673870532938736752648761071657412793223455651019549342420108638032949454229081509058E-85",
      "largest_decimal_secant_error": "3.3056292522393847786301849E-85",
      "replay_file_sha256": "ceb8441dbd1f83932ddf081fcbcd38dcdfc4af468d3277c8063d420e289bdd31"
    },
    {
      "order": 5,
      "status": "PASS",
      "samples_checked": 14,
      "final_q": "3565770573243366788189189943995060108974424637440",
      "completed_phases": "3564900023787008544344417192543889440002507053300",
      "final_log10_t": "412.8891449130388457348091092919519648539673338900347645006140418646048215373083432944",
      "final_ratio": "1.000000000000003553407568190891654659118104295703127504047202101421336049515362963143",
      "final_secant": "-0.2000000000000153826538571622818375224646317756467329222763015617724748281975040425478",
      "limiting_constant_independently_rederived": true,
      "largest_relative_decimal_ratio_error": "6.6797626107251966272074701681767690810679881694324190025273354701397853252519782098969771937490221881625146087E-85",
      "largest_decimal_secant_error": "4.6293967546864233680966120E-85",
      "replay_file_sha256": "32d4fe1ab9ae3b2a70e86610123881f8016e0189499d923684fabd82bef05353"
    }
  ],
  "seconds": 1.1897468280003523
}
